independent verifier v1.0.0  snapshot C:/Users/lenovo/no3in/.webtmp/all_known_solutions.txt
phase 1: parse, decode, validate, hash ...
  430991 lines, 23832810 bytes, sha256 6c385257c34af354a596b718002e2ef552b52da54b8e5065ec6a8b8c4d5026e0
  decode errors 0, degree errors 0
  n span 2..76
  witness triple checks: 0 failures
  phase 1 done in 205.2s
phase 2: census analytics n <= 20 + corpus ...
  phase 2 done in 716.2s
phase 3: Move 1 / Move 1' window census n = 4..13 ...
  phase 3 done in 9.1s
phase 4: near-neighbor graph n = 8..17 ...
  phase 4 done in 5188.9s
phase 4b: corpus near-neighbor pairs ...
  phase 4b done in 17.8s
phase 5: n = 20 window sample (3000 classes, seed 20260818) ...
  phase 5 done in 84.1s
phase 6: corpus windows (Move 1) ...
  phase 6 done in 2.8s

  PASS C01  Snapshot totals: 430,991 lines, n = 2..76; 189,707 classes at n <= 20,
  PASS C02  Per-n class counts n = 5..20 and labeled totals (class count x true or
  PASS C03  rot180-invariant and any-symmetry labeled counts, n = 5..20
  PASS C04  n = 20 decomposition: 675 rot2 + 16 rot4 + 2 dia2 + 17 dia1 + 117,347 
  PASS C05  Marker audit for every n <= 20 class: the true D4 stabilizer matches t
  PASS C06  L(n) table n = 2..20: L(n), lexicographic minimum spectrum, number of 
  PASS C07  L = 2 holds exactly at n in {2, 4, 8, 10} within n <= 20 (classes/labe
  PASS C08  Scan over the stored classes, 21 <= n <= 57: 241,165 classes / 900,672
  PASS C09  Corpus: 959 classes, n = 57..76; D4-orbit histogram {2: 112, 4: 846, 8
  PASS C10  Every corpus rct4 class has true stabilizer exactly {I, R180} (orbit 4
  PASS C11  Corner barrier: labeled blocked share of the frontier corner (n,n) at 
  PASS C12  Labeled-corner secant-count means 1.90 -> 3.22 over n = 8..20; maxima 
  PASS C13  Chaffin's asymmetric-class counts reproduced exactly: 6,800 at n = 17,
  PASS C14  Non-axis equality cases m_S(v) = n: 3/5 classes at n = 5, 10/57 at n =
  PASS C15  Center cell at odd n: rot180-invariant classes never use it (Theorem B
  PASS C16  Move 1 (4x4-window matching switch): windows n = 4..13 total 521 (508 
  PASS C17  Move 1' (arbitrary refill): v-distribution over n = 4..13 is v = 1: 47
  PASS C18  Move 2 (near-neighbor graph): minimum class distance 4 at every n = 8.
  PASS C19  The n = 21..56 sections contain iden-marked classes at 22 values of n:

verdict: 19 PASS, 0 FAIL, 0 SKIP
report: results/verifier_report.json
total 6224.1s
